// Vitest Snapshot v1, https://vitest.dev/guide/snapshot.html

exports[`AudioQuery E2E Tests > AudioQuery生成 > テキストからAudioQueryを生成できること 1`] = `
{
  "accent_phrases": [
    {
      "accent": 5,
      "is_interrogative": false,
      "moras": [
        {
          "consonant": "k",
          "consonant_length": 0.07333521,
          "pitch": 5.746836,
          "text": "コ",
          "vowel": "o",
          "vowel_length": 0.12275893,
        },
        {
          "consonant": null,
          "consonant_length": null,
          "pitch": 5.8703785,
          "text": "ン",
          "vowel": "N",
          "vowel_length": 0.0627268,
        },
        {
          "consonant": "n",
          "consonant_length": 0.025895612,
          "pitch": 5.9336033,
          "text": "ニ",
          "vowel": "i",
          "vowel_length": 0.09123733,
        },
        {
          "consonant": "ch",
          "consonant_length": 0.072687574,
          "pitch": 5.918352,
          "text": "チ",
          "vowel": "i",
          "vowel_length": 0.0638728,
        },
        {
          "consonant": "w",
          "consonant_length": 0.06504485,
          "pitch": 5.9521513,
          "text": "ワ",
          "vowel": "a",
          "vowel_length": 0.16350806,
        },
      ],
      "pause_mora": null,
    },
  ],
  "intonationScale": 1,
  "kana": "コンニチワ'",
  "outputSamplingRate": 24000,
  "outputStereo": false,
  "pitchScale": 0,
  "postPhonemeLength": 0.1,
  "prePhonemeLength": 0.1,
  "speedScale": 1,
  "volumeScale": 1,
}
`;

exports[`AudioQuery E2E Tests > AudioQuery生成 > 複雑なテキストからAudioQueryを生成できること 1`] = `
{
  "accent_phrases": [
    {
      "accent": 1,
      "is_interrogative": false,
      "moras": [
        {
          "consonant": "ky",
          "consonant_length": 0.09275329,
          "pitch": 5.699333,
          "text": "キョ",
          "vowel": "o",
          "vowel_length": 0.08998739,
        },
        {
          "consonant": null,
          "consonant_length": null,
          "pitch": 5.7432942,
          "text": "オ",
          "vowel": "o",
          "vowel_length": 0.08501323,
        },
        {
          "consonant": "w",
          "consonant_length": 0.056848645,
          "pitch": 5.5166316,
          "text": "ワ",
          "vowel": "a",
          "vowel_length": 0.08888037,
        },
      ],
      "pause_mora": null,
    },
    {
      "accent": 1,
      "is_interrogative": false,
      "moras": [
        {
          "consonant": "y",
          "consonant_length": 0.062502734,
          "pitch": 5.613773,
          "text": "ヨ",
          "vowel": "o",
          "vowel_length": 0.09246872,
        },
        {
          "consonant": null,
          "consonant_length": null,
          "pitch": 5.9502926,
          "text": "イ",
          "vowel": "i",
          "vowel_length": 0.073279224,
        },
      ],
      "pause_mora": null,
    },
    {
      "accent": 1,
      "is_interrogative": false,
      "moras": [
        {
          "consonant": "t",
          "consonant_length": 0.05623082,
          "pitch": 5.963074,
          "text": "テ",
          "vowel": "e",
          "vowel_length": 0.09776032,
        },
        {
          "consonant": null,
          "consonant_length": null,
          "pitch": 5.839143,
          "text": "ン",
          "vowel": "N",
          "vowel_length": 0.05936809,
        },
        {
          "consonant": "k",
          "consonant_length": 0.04841131,
          "pitch": 5.727061,
          "text": "キ",
          "vowel": "i",
          "vowel_length": 0.053581826,
        },
        {
          "consonant": "d",
          "consonant_length": 0.043007996,
          "pitch": 5.605804,
          "text": "デ",
          "vowel": "e",
          "vowel_length": 0.08390576,
        },
        {
          "consonant": "s",
          "consonant_length": 0.02925202,
          "pitch": 0,
          "text": "ス",
          "vowel": "U",
          "vowel_length": 0.054978956,
        },
        {
          "consonant": "n",
          "consonant_length": 0.054375045,
          "pitch": 5.4865327,
          "text": "ネ",
          "vowel": "e",
          "vowel_length": 0.13385218,
        },
      ],
      "pause_mora": {
        "consonant": null,
        "consonant_length": null,
        "pitch": 0,
        "text": "、",
        "vowel": "pau",
        "vowel_length": 0.31612855,
      },
    },
    {
      "accent": 3,
      "is_interrogative": false,
      "moras": [
        {
          "consonant": null,
          "consonant_length": null,
          "pitch": 5.442754,
          "text": "ア",
          "vowel": "a",
          "vowel_length": 0.1144242,
        },
        {
          "consonant": "sh",
          "consonant_length": 0.040711235,
          "pitch": 0,
          "text": "シ",
          "vowel": "I",
          "vowel_length": 0.058777854,
        },
        {
          "consonant": "t",
          "consonant_length": 0.05442379,
          "pitch": 5.9630046,
          "text": "タ",
          "vowel": "a",
          "vowel_length": 0.07212581,
        },
        {
          "consonant": "m",
          "consonant_length": 0.054659307,
          "pitch": 5.7990937,
          "text": "モ",
          "vowel": "o",
          "vowel_length": 0.06852938,
        },
      ],
      "pause_mora": null,
    },
    {
      "accent": 2,
      "is_interrogative": true,
      "moras": [
        {
          "consonant": "h",
          "consonant_length": 0.070588715,
          "pitch": 5.4358897,
          "text": "ハ",
          "vowel": "a",
          "vowel_length": 0.06503864,
        },
        {
          "consonant": "r",
          "consonant_length": 0.033440996,
          "pitch": 5.634665,
          "text": "レ",
          "vowel": "e",
          "vowel_length": 0.064276665,
        },
        {
          "consonant": "r",
          "consonant_length": 0.032868907,
          "pitch": 5.8694854,
          "text": "ル",
          "vowel": "u",
          "vowel_length": 0.057143882,
        },
        {
          "consonant": "d",
          "consonant_length": 0.04805916,
          "pitch": 5.791098,
          "text": "デ",
          "vowel": "e",
          "vowel_length": 0.06965314,
        },
        {
          "consonant": "sh",
          "consonant_length": 0.10026818,
          "pitch": 5.581635,
          "text": "ショ",
          "vowel": "o",
          "vowel_length": 0.079449385,
        },
        {
          "consonant": null,
          "consonant_length": null,
          "pitch": 5.402635,
          "text": "オ",
          "vowel": "o",
          "vowel_length": 0.09173082,
        },
        {
          "consonant": "k",
          "consonant_length": 0.07026928,
          "pitch": 5.375642,
          "text": "カ",
          "vowel": "a",
          "vowel_length": 0.13679574,
        },
      ],
      "pause_mora": null,
    },
  ],
  "intonationScale": 1,
  "kana": "キョ'オワ/ヨ'イ/テ'ンキデ_スネ、ア_シタ'モ/ハレ'ルデショオカ？",
  "outputSamplingRate": 24000,
  "outputStereo": false,
  "pitchScale": 0,
  "postPhonemeLength": 0.1,
  "prePhonemeLength": 0.1,
  "speedScale": 1,
  "volumeScale": 1,
}
`;
